// Jest Snapshot v1, https://goo.gl/fbAQLP

exports[`Navbar should render Logo layout correcyly 1`] = `undefined`;

exports[`Navbar should render layout correcyly 1`] = `
<div>
  <div
    class="sc-dlnjPT jLdvev"
  >
    <div
      class="sc-hKFyIo kYnWLp"
    >
      <div
        class="sc-iCoHVE ecAjJP"
      >
        <a
          href="/"
        >
          <div
            class="sc-bdnylx WVWuq"
            height="8"
            src="logo.png"
            width="100"
          >
            <div
              class="sc-gtssRu fLfzOz"
            />
          </div>
        </a>
      </div>
      <ul
        class="sc-eCApGN hiDcNC"
      >
        <li
          class="sc-jSFkmK kVmsyM"
        >
          <a
            href="/"
          >
            HOME
          </a>
        </li>
        <li
          class="sc-jSFkmK kVmsyM"
        >
          <a
            href="/post"
          >
            POST
          </a>
        </li>
        <li
          class="sc-jSFkmK kVmsyM"
        >
          <a
            href="/read"
          >
            READ
          </a>
        </li>
        <li
          class="sc-jSFkmK kVmsyM"
        >
          <div
            class="sc-jrsJCI kOXQdV"
          >
            <a
              href=""
            >
              <div
                class="sc-pNWxx cAGREy"
              >
                SERVICE
              </div>
            </a>
            <div
              class="sc-fujyUd emIfTs"
            >
              <a
                href="/help"
              >
                Help
              </a>
              <a
                href="/contact"
              >
                Contact
              </a>
              <a
                href="/about"
              >
                About us
              </a>
            </div>
          </div>
        </li>
        <li
          class="sc-jSFkmK kVmsyM"
        >
          <a
            href="/login"
          >
            LOGIN
          </a>
        </li>
      </ul>
    </div>
  </div>
</div>
`;
