// Jest Snapshot v1, https://goo.gl/fbAQLP

exports[`Navbar should render Logo layout correcyly 1`] = `undefined`;

exports[`Navbar should render layout correcyly 1`] = `
<div>
  <div
    class="sc-bdnylx eFvfMq"
  >
    <div
      class="sc-gtssRu mUgFr"
    >
      <div
        class="sc-jSFkmK eIAFAH"
      >
        <a
          href="/"
        >
          <div
            class="sc-pNWxx cvPoBq"
            height="8"
            src="logo.png"
            width="100"
          >
            <div
              class="sc-jrsJCI dtMWiw"
            />
          </div>
        </a>
      </div>
      <ul
        class="sc-dlnjPT cMDBow"
      >
        <li
          class="sc-hKFyIo fNhXog"
        >
          <a
            href="/"
          >
            HOME
          </a>
        </li>
        <li
          class="sc-hKFyIo fNhXog"
        >
          <a
            href="/post"
          >
            POST
          </a>
        </li>
        <li
          class="sc-hKFyIo fNhXog"
        >
          <a
            href="/read"
          >
            READ
          </a>
        </li>
        <li
          class="sc-hKFyIo fNhXog"
        >
          <div
            class="sc-fujyUd dOCgor"
          >
            <div
              class="sc-iCoHVE fhoggF"
            >
              SERVICE
            </div>
            <div
              class="sc-gKAblj dzXQzQ"
            >
              <a
                href="/help"
              >
                Help
              </a>
              <a
                href="/contact"
              >
                Contact
              </a>
              <a
                href="/about"
              >
                About us
              </a>
            </div>
          </div>
        </li>
        <li
          class="sc-hKFyIo fNhXog"
        >
          <a
            href="/login"
          >
            LOGIN
          </a>
        </li>
      </ul>
    </div>
  </div>
</div>
`;
